[1-9][0-9]* +[0-9]+:[0-9]+:[0-9]+\.[0-9]+ +bind\(0<socket:\[[0-9]+\]>, \{sa_family=AF_(LOCAL|UNIX|FILE), sun_path="net-fd-local-stream"\}, 22\) += 0
[1-9][0-9]* +[0-9]+:[0-9]+:[0-9]+\.[0-9]+ +listen\(0<socket:\[[0-9]+\]>, 5\) += 0
[1-9][0-9]* +[0-9]+:[0-9]+:[0-9]+\.[0-9]+ +getsockname\(0<socket:\[[0-9]+\]>, \{sa_family=AF_(LOCAL|UNIX|FILE), sun_path="net-fd-local-stream"\}, \[22\]\) += 0
[1-9][0-9]* +[0-9]+:[0-9]+:[0-9]+\.[0-9]+ +accept\(0<socket:\[[0-9]+\]>, \{sa_family=AF_(LOCAL|UNIX|FILE), NULL\}, \[2\]\) += 1<socket:\[[0-9]+\]>
[1-9][0-9]* +[0-9]+:[0-9]+:[0-9]+\.[0-9]+ +connect\(1<socket:\[[0-9]+\]>, \{sa_family=AF_(LOCAL|UNIX|FILE), sun_path="net-fd-local-stream"\}, 22\) += 0
