pipe(\(\[0, 1\]|2\(\[0, 1\], 0)\) += 0
pipe2\(\[0, 1\], O_NONBLOCK\) += 0
