epoll_create1\(EPOLL_CLOEXEC\) += 0
epoll_create1\(EPOLL_CLOEXEC\|0x[[:xdigit:]]+\) += -1 EINVAL .*
