execveat\(AT_FDCWD, "execveat\\nfilename", \["execveat\\nfilename", "first", "second"\], \["foobar=1", "foo\\nbar=2"\], AT_SYMLINK_NOFOLLOW\|AT_EMPTY_PATH\) += -1 .*
