execve\("execve\\nfilename", \["execve\\nfilename", "first", "second"\], \[/\* 2 vars \*/\]\) += -1 ENOENT .*
