fanotify_mark\(-1, FAN_MARK_ADD, FAN_MODIFY\|FAN_ONDIR, AT_FDCWD, "\."\) += -1.*
