signalfd4\(-1, \[(USR2 CHLD|CHLD USR2)\], (4|8|16), SFD_CLOEXEC\|SFD_NONBLOCK\) += 0
